2026-10-03 14:22:36 INFO     [poliv.main] Конфигурация загружена и проверена: /workspace/config
2026-10-03 14:22:36 INFO     [poliv.db] Применяю миграцию 0001_initial
2026-10-03 14:22:36 INFO     [poliv.db] Миграция 0001_initial применена
2026-10-03 14:22:36 INFO     [poliv.db] База /workspace/data/poliv.db: применено миграций: 1
2026-10-03 14:22:36 WARNING  [passlib.handlers.bcrypt] (trapped) error reading bcrypt version
Traceback (most recent call last):
  File "/usr/local/lib/python3.12/site-packages/passlib/handlers/bcrypt.py", line 620, in _load_backend_mixin
    version = _bcrypt.__about__.__version__
              ^^^^^^^^^^^^^^^^^
AttributeError: module 'bcrypt' has no attribute '__about__'
2026-10-03 14:22:36 INFO     [poliv.main] Конфигурация загружена и проверена: /workspace/config
2026-10-03 14:22:36 WARNING  [passlib.handlers.bcrypt] (trapped) error reading bcrypt version
Traceback (most recent call last):
  File "/usr/local/lib/python3.12/site-packages/passlib/handlers/bcrypt.py", line 620, in _load_backend_mixin
    version = _bcrypt.__about__.__version__
              ^^^^^^^^^^^^^^^^^
AttributeError: module 'bcrypt' has no attribute '__about__'
2026-10-03 14:22:41 INFO     [poliv.main] Конфигурация загружена и проверена: /workspace/config
2026-10-03 14:22:41 WARNING  [passlib.handlers.bcrypt] (trapped) error reading bcrypt version
Traceback (most recent call last):
  File "/usr/local/lib/python3.12/site-packages/passlib/handlers/bcrypt.py", line 620, in _load_backend_mixin
    version = _bcrypt.__about__.__version__
              ^^^^^^^^^^^^^^^^^
AttributeError: module 'bcrypt' has no attribute '__about__'
2026-10-03 14:22:41 INFO     [poliv.main] Конфигурация загружена и проверена: /workspace/config
2026-10-03 14:22:41 WARNING  [passlib.handlers.bcrypt] (trapped) error reading bcrypt version
Traceback (most recent call last):
  File "/usr/local/lib/python3.12/site-packages/passlib/handlers/bcrypt.py", line 620, in _load_backend_mixin
    version = _bcrypt.__about__.__version__
              ^^^^^^^^^^^^^^^^^
AttributeError: module 'bcrypt' has no attribute '__about__'
